Microsoft Windows [Versión 10.0.19045.5131]
(c) Microsoft Corporation. Todos los derechos reservados.

C:\Users\iramb>mysqlsh
MySQL Shell 8.0.38

Copyright (c) 2016, 2024, Oracle and/or its affiliates.
Oracle is a registered trademark of Oracle Corporation and/or its affiliates.
Other names may be trademarks of their respective owners.

Type '\help' or '\?' for help; '\quit' to exit.
 MySQL  JS > \sql
Switching to SQL mode... Commands end with ;
 MySQL  SQL > \connect --mc root@localhost
Creating a Classic session to 'root@localhost'
Fetching global names for auto-completion... Press ^C to stop.
Your MySQL connection id is 16
Server version: 8.0.39 MySQL Community Server - GPL
No default schema selected; type \use <schema> to set one.
 MySQL  localhost:3306 ssl  SQL > call actualizar_rfc();
ERROR: 1046 (3D000): No database selected
 MySQL  localhost:3306 ssl  SQL > use tbd_eva3
Default schema set to `tbd_eva3`.
Fetching global names, object names from `tbd_eva3` for auto-completion... Press ^C to stop.
 MySQL  localhost:3306 ssl  tbd_eva3  SQL > call actualizar_rfc();
ERROR: 1305 (42000): PROCEDURE tbd_eva3.actualizar_rfc does not exist
 MySQL  localhost:3306 ssl  tbd_eva3  SQL > call actualizar_rfc();
ERROR: 1305 (42000): PROCEDURE tbd_eva3.actualizar_rfc does not exist
 MySQL  localhost:3306 ssl  tbd_eva3  SQL > call actualizar_rfc;
ERROR: 1305 (42000): PROCEDURE tbd_eva3.actualizar_rfc does not exist
 MySQL  localhost:3306 ssl  tbd_eva3  SQL > call actualizar_rfc;
Query OK, 0 rows affected (0.0614 sec)
 MySQL  localhost:3306 ssl  tbd_eva3  SQL > show tab;es;
ERROR: 1064 (42000): You have an error in your SQL syntax; check the manual that corresponds to your MySQL server version for the right syntax to use near 'tab' at line 1
ERROR: 1064 (42000): You have an error in your SQL syntax; check the manual that corresponds to your MySQL server version for the right syntax to use near 'es' at line 1
 MySQL  localhost:3306 ssl  tbd_eva3  SQL > show tables;
+--------------------+
| Tables_in_tbd_eva3 |
+--------------------+
| personas           |
| productos          |
| prueba             |
+--------------------+
3 rows in set (0.0021 sec)
 MySQL  localhost:3306 ssl  tbd_eva3  SQL > SELECT * FROM prueba;
+----+
| id |
+----+
|  1 |
+----+
1 row in set (0.0476 sec)
 MySQL  localhost:3306 ssl  tbd_eva3  SQL > SELECT * FROM personas;
+----+--------+--------------+--------------+------------+--------------+
| id | nombre | apellido_pat | apellido_mat | fecha_nac  | clave_rfc    |
+----+--------+--------------+--------------+------------+--------------+
|  3 | Karla  | Tejeda       | Madrid       | 2003-12-04 | TeMK20031204 |
|  2 | Pedro  | Orozco       | NULL         | 1966-08-31 | NULL         |
|  1 | Juan   | Perez        | Jolote       | 2004-11-30 | PeJJ20041130 |
+----+--------+--------------+--------------+------------+--------------+
3 rows in set (0.0007 sec)
 MySQL  localhost:3306 ssl  tbd_eva3  SQL > call actualizar_rfc;
Query OK, 0 rows affected (0.0393 sec)
 MySQL  localhost:3306 ssl  tbd_eva3  SQL > SELECT * FROM personas;
+----+--------+--------------+--------------+------------+--------------+
| id | nombre | apellido_pat | apellido_mat | fecha_nac  | clave_rfc    |
+----+--------+--------------+--------------+------------+--------------+
|  3 | Karla  | Tejeda       | Madrid       | 2003-12-04 | TeMK20031204 |
|  2 | Pedro  | Orozco       | NULL         | 1966-08-31 | OrXP19660831 |
|  1 | Juan   | Perez        | Jolote       | 2004-11-30 | PeJJ20041130 |
+----+--------+--------------+--------------+------------+--------------+
3 rows in set (0.0007 sec)
 MySQL  localhost:3306 ssl  tbd_eva3  SQL >