Microsoft Windows [Versión 10.0.19045.5011]
(c) Microsoft Corporation. Todos los derechos reservados.

C:\Users\iramb>mysqlsh
MySQL Shell 8.0.38

Copyright (c) 2016, 2024, Oracle and/or its affiliates.
Oracle is a registered trademark of Oracle Corporation and/or its affiliates.
Other names may be trademarks of their respective owners.

Type '\help' or '\?' for help; '\quit' to exit.
 MySQL  JS > \sql
Switching to SQL mode... Commands end with ;
 MySQL  SQL > \connect --mc root@localhost
Creating a Classic session to 'root@localhost'
Fetching global names for auto-completion... Press ^C to stop.
Your MySQL connection id is 121
Server version: 8.0.39 MySQL Community Server - GPL
No default schema selected; type \use <schema> to set one.
 MySQL  localhost:3306 ssl  SQL > use tbd_eva3
Default schema set to `tbd_eva3`.
Fetching global names, object names from `tbd_eva3` for auto-completion... Press ^C to stop.
 MySQL  localhost:3306 ssl  tbd_eva3  SQL > CREATE TABLE prueba(id int key not NULL);
Query OK, 0 rows affected (0.0592 sec)
 MySQL  localhost:3306 ssl  tbd_eva3  SQL > desc prueba;
+-------+------+------+-----+---------+-------+
| Field | Type | Null | Key | Default | Extra |
+-------+------+------+-----+---------+-------+
| id    | int  | NO   | PRI | NULL    |       |
+-------+------+------+-----+---------+-------+
1 row in set (0.0364 sec)
 MySQL  localhost:3306 ssl  tbd_eva3  SQL > call insertar_prueba(1);
+-------------------------------+
| mensaje                       |
+-------------------------------+
| Clave correctamente insertada |
+-------------------------------+
1 row in set (0.0393 sec)

Query OK, 0 rows affected (0.0393 sec)
 MySQL  localhost:3306 ssl  tbd_eva3  SQL > call insertar_prueba(1);
+------------------------+
| mensaje                |
+------------------------+
| Error: Clave duplicada |
+------------------------+
1 row in set (0.0017 sec)

Query OK, 0 rows affected (0.0017 sec)
 MySQL  localhost:3306 ssl  tbd_eva3  SQL > use ` empresa`
Default schema set to ` empresa`.
Fetching global names, object names from ` empresa` for auto-completion... Press ^C to stop.
 MySQL  localhost:3306 ssl   empresa  SQL > call contar_paises();
ERROR: 1318 (42000): Incorrect number of arguments for PROCEDURE  empresa.contar_paises; expected 1, got 0
 MySQL  localhost:3306 ssl   empresa  SQL > call contar_paises;
ERROR: 1318 (42000): Incorrect number of arguments for PROCEDURE  empresa.contar_paises; expected 1, got 0
 MySQL  localhost:3306 ssl   empresa  SQL > set @valor = 0;
Query OK, 0 rows affected (0.0003 sec)
 MySQL  localhost:3306 ssl   empresa  SQL > call contar_paises(@valor);
Query OK, 0 rows affected (0.0368 sec)
 MySQL  localhost:3306 ssl   empresa  SQL > SELECT @valor;
+--------+
| @valor |
+--------+
|     29 |
+--------+
1 row in set (0.0003 sec)
 MySQL  localhost:3306 ssl   empresa  SQL >

